// Jest Snapshot v1, https://goo.gl/fbAQLP

exports[`GlobalFooter renders correctly for fandom.com sites 1`] = `
<footer
  className="wds-global-footer"
>
  <h2
    className="wds-global-footer__header"
  >
    <a
      href="http://fandom.wikia.com"
      title="Fandom"
    >
      <div
        className="wds-global-footer__header-logo"
      />
    </a>
  </h2>
  <div
    className="wds-global-footer__main"
  >
    <div
      className="wds-global-footer__column"
    >
      <section
        className="wds-global-footer__section wds-is-fandom-overview"
      >
        <h3
          className="wds-global-footer__section-header"
        >
          global-footer-fandom-overview-header
        </h3>
        <ul
          className="wds-global-footer__links-list"
        >
          <li
            className="wds-global-footer__links-list-item"
          >
            <a
              className="wds-global-footer__link"
              href="https://www.fandom.com/"
            >
              Fandom
            </a>
          </li>
          <li
            className="wds-global-footer__links-list-item"
          >
            <a
              className="wds-global-footer__link"
              href="https://www.gamepedia.com/"
            >
              Gamepedia
            </a>
          </li>
          <li
            className="wds-global-footer__links-list-item"
          >
            <a
              className="wds-global-footer__link"
              href="https://www.dndbeyond.com/"
            >
              D&D Beyond
            </a>
          </li>
          <li
            className="wds-global-footer__links-list-item"
          >
            <a
              className="wds-global-footer__link"
              href="https://www.muthead.com/"
            >
              Muthead
            </a>
          </li>
          <li
            className="wds-global-footer__links-list-item"
          >
            <a
              className="wds-global-footer__link"
              href="https://www.futhead.com/"
            >
              Futhead
            </a>
          </li>
        </ul>
      </section>
      <section
        className="wds-global-footer__section wds-is-follow-us"
      >
        <h3
          className="wds-global-footer__section-header"
        >
          global-footer-follow-us-header
        </h3>
        <ul
          className="wds-global-footer__links-list"
        >
          <li
            className="wds-global-footer__links-list-item"
          >
            <a
              className="wds-global-footer__link"
              data-tracking-label="follow-us.facebook"
              href="#"
            >
              <div
                className="wds-global-footer__link-image wds-icon"
              />
            </a>
          </li>
          <li
            className="wds-global-footer__links-list-item"
          >
            <a
              className="wds-global-footer__link"
              data-tracking-label="follow-us.twitter"
              href="https://twitter.com/getfandom"
            >
              <div
                className="wds-global-footer__link-image wds-icon"
              />
            </a>
          </li>
          <li
            className="wds-global-footer__links-list-item"
          >
            <a
              className="wds-global-footer__link"
              data-tracking-label="follow-us.youtube"
              href="https://www.youtube.com/fandomentertainment"
            >
              <div
                className="wds-global-footer__link-image wds-icon"
              />
            </a>
          </li>
          <li
            className="wds-global-footer__links-list-item"
          >
            <a
              className="wds-global-footer__link"
              data-tracking-label="follow-us.instagram"
              href="https://www.instagram.com/getfandom/"
            >
              <div
                className="wds-global-footer__link-image wds-icon"
              />
            </a>
          </li>
          <li
            className="wds-global-footer__links-list-item"
          >
            <a
              className="wds-global-footer__link"
              data-tracking-label="follow-us.linkedin"
              href="https://www.linkedin.com/company/157252"
            >
              <div
                className="wds-global-footer__link-image wds-icon"
              />
            </a>
          </li>
        </ul>
      </section>
    </div>
    <div
      className="wds-global-footer__column"
    >
      <section
        className="wds-global-footer__section wds-is-company-overview"
      >
        <h3
          className="wds-global-footer__section-header"
        >
          global-footer-company-overview-header
        </h3>
        <ul
          className="wds-global-footer__links-list"
        >
          <li
            className="wds-global-footer__links-list-item"
          >
            <a
              className="wds-global-footer__link"
              href="http://www.wikia.com/about"
            >
              global-footer-company-overview-link-about
            </a>
          </li>
          <li
            className="wds-global-footer__links-list-item"
          >
            <a
              className="wds-global-footer__link"
              href="https://careers.wikia.com"
            >
              global-footer-company-overview-link-careers
            </a>
          </li>
          <li
            className="wds-global-footer__links-list-item"
          >
            <a
              className="wds-global-footer__link"
              href="http://fandom.wikia.com/press"
            >
              global-footer-company-overview-link-press
            </a>
          </li>
          <li
            className="wds-global-footer__links-list-item"
          >
            <a
              className="wds-global-footer__link"
              href="http://fandom.wikia.com/contact"
            >
              global-footer-company-overview-link-contact
            </a>
          </li>
          <li
            className="wds-global-footer__links-list-item"
          >
            <a
              className="wds-global-footer__link"
              href="http://www.wikia.com/Terms_of_use"
            >
              global-footer-site-overview-link-terms-of-use
            </a>
          </li>
          <li
            className="wds-global-footer__links-list-item"
          >
            <a
              className="wds-global-footer__link"
              href="http://www.wikia.com/Privacy_Policy"
            >
              global-footer-site-overview-link-privacy-policy
            </a>
          </li>
          <li
            className="wds-global-footer__links-list-item"
          >
            <a
              className="wds-global-footer__link"
              href="http://www.wikia.com/Sitemap"
            >
              global-footer-site-overview-link-global-sitemap
            </a>
          </li>
          <li
            className="wds-global-footer__links-list-item"
          >
            <a
              className="wds-global-footer__link"
              href="/wiki/Local_Sitemap"
            >
              global-footer-site-overview-link-local-sitemap
            </a>
          </li>
        </ul>
      </section>
    </div>
    <div
      className="wds-global-footer__column"
    >
      <section
        className="wds-global-footer__section wds-is-community"
      >
        <h3
          className="wds-global-footer__section-header"
        >
          global-footer-community-header
        </h3>
        <ul
          className="wds-global-footer__links-list"
        >
          <li
            className="wds-global-footer__links-list-item"
          >
            <a
              className="wds-global-footer__link"
              href="http://community.wikia.com/wiki/Community_Central"
            >
              global-footer-community-link-community-central
            </a>
          </li>
          <li
            className="wds-global-footer__links-list-item"
          >
            <a
              className="wds-global-footer__link"
              href="http://community.wikia.com/wiki/Special:Contact"
            >
              global-footer-community-link-support
            </a>
          </li>
          <li
            className="wds-global-footer__links-list-item"
          >
            <a
              className="wds-global-footer__link"
              href="http://community.wikia.com/wiki/Help:Contents"
            >
              global-footer-community-link-help
            </a>
          </li>
        </ul>
      </section>
      <section
        className="wds-global-footer__section wds-is-advertise"
      >
        <h3
          className="wds-global-footer__section-header"
        >
          global-footer-advertise-header
        </h3>
        <ul
          className="wds-global-footer__links-list"
        >
          <li
            className="wds-global-footer__links-list-item"
          >
            <a
              className="wds-global-footer__link"
              href="http://fandom.wikia.com/mediakit"
            >
              global-footer-advertise-link-media-kit
            </a>
          </li>
          <li
            className="wds-global-footer__links-list-item"
          >
            <a
              className="wds-global-footer__link"
              href="http://fandom.wikia.com/mediakit#contact"
            >
              global-footer-advertise-link-contact
            </a>
          </li>
        </ul>
      </section>
    </div>
    <div
      className="wds-global-footer__column"
    >
      <section
        className="wds-global-footer__section wds-is-fandom-apps"
      >
        <h3
          className="wds-global-footer__section-header"
        >
          global-footer-community-apps-header
        </h3>
        <span
          className="wds-global-footer__section-description"
        >
          global-footer-community-apps-description
        </span>
      </section>
      <section
        className="wds-global-footer__section wds-is-fandom-stores"
      >
        
        <figure
          className="wds-global-footer__image"
        >
          <div
            className="wds-icon"
          />
        </figure>
        <ul
          className="wds-global-footer__links-list"
        >
          <li
            className="wds-global-footer__links-list-item"
          >
            <a
              className="wds-global-footer__link"
              href="https://itunes.apple.com/developer/wikia-inc./id422467077"
            >
              <div
                className="wds-global-footer__link-image wds-icon"
              />
            </a>
          </li>
          <li
            className="wds-global-footer__links-list-item"
          >
            <a
              className="wds-global-footer__link"
              href="https://play.google.com/store/apps/developer?id=Wikia,+Inc."
            >
              <div
                className="wds-global-footer__link-image wds-icon"
              />
            </a>
          </li>
        </ul>
      </section>
      <section
        className="wds-global-footer__section wds-is-ddb-stores"
      >
        
        <figure
          className="wds-global-footer__image"
        >
          <div
            className="wds-icon"
          />
          <figcaption
            className="wds-global-footer__image-caption"
          >
            D&D Beyond
          </figcaption>
        </figure>
        <ul
          className="wds-global-footer__links-list"
        >
          <li
            className="wds-global-footer__links-list-item"
          >
            <a
              className="wds-global-footer__link"
              href="https://apps.apple.com/us/app/d-d-beyond/id1263629972"
            >
              <div
                className="wds-global-footer__link-image wds-icon"
              />
            </a>
          </li>
          <li
            className="wds-global-footer__links-list-item"
          >
            <a
              className="wds-global-footer__link"
              href="https://play.google.com/store/apps/details?id=com.curse.dndbeyond&hl=en"
            >
              <div
                className="wds-global-footer__link-image wds-icon"
              />
            </a>
          </li>
        </ul>
      </section>
    </div>
  </div>
  <div
    className="wds-global-footer__bottom-bar"
  >
    <div
      className="wds-global-footer__bottom-bar-row wds-has-padding"
    >
      global-footer-licensing-and-vertical-description
    </div>
  </div>
</footer>
`;

exports[`GlobalFooter renders correctly for wikia.org 1`] = `
<footer
  className="wds-global-footer-wikia-org"
>
  <h2
    className="wds-global-footer-wikia-org__header"
  >
    <a
      href="https://www.wikia.org"
      title="Wikia.org"
    >
      <div
        className="wds-global-footer__header-logo"
      />
    </a>
  </h2>
  <ul
    className="wds-global-footer-wikia-org__links"
  >
    <li
      className="wds-global-footer-wikia-org__link"
    >
      global-footer-site-overview-link-wikia-inc
    </li>
    <li
      className="wds-global-footer-wikia-org__link"
    >
      <a
        data-tracking-label="site-overview.terms-of-use"
        href="https://www.fandom.com/terms-of-use"
      >
        global-footer-site-overview-link-terms-of-use
      </a>
    </li>
    <li
      className="wds-global-footer-wikia-org__link"
    >
      <a
        data-tracking-label="site-overview.privacy-policy"
        href="https://www.fandom.com/privacy-policy"
      >
        global-footer-site-overview-link-privacy-policy
      </a>
    </li>
    <li
      className="wds-global-footer-wikia-org__link"
    >
      <a
        data-tracking-label="community.support"
        href="//community.fandom.com/wiki/Special:Contact"
      >
        global-footer-community-link-support
      </a>
    </li>
    <li
      className="wds-global-footer-wikia-org__link"
    >
      <a
        data-tracking-label="community.help"
        href="//community.fandom.com/wiki/Help:Contents"
      >
        global-footer-community-link-help
      </a>
    </li>
  </ul>
</footer>
`;
