// Jest Snapshot v1, https://goo.gl/fbAQLP

exports[`IconSprite component renders 1`] = `
<div
  dangerouslySetInnerHTML={
    Object {
      "__html": [Function],
    }
  }
/>
`;
