// Jest Snapshot v1, https://goo.gl/fbAQLP

exports[`Default fallback error boundary 1`] = `
<Component>
  <ErrorBoundary
    appName="FandomCreator"
    boundaryName="TestBoundaryName"
    fallbackComponent={[Function]}
  >
    <DefaultFallbackComponent
      error={[Error: test]}
      info={
        Object {
          "componentStack": "
    in Something (created by SimpleComponent)
    in div (created by SimpleComponent)
    in SimpleComponent (created by Component)
    in ErrorBoundary (created by Component)
    in Component (created by WrapperComponent)
    in WrapperComponent",
        }
      }
    >
      <styled.div>
        <StyledComponent
          forwardedComponent={
            Object {
              "$$typeof": Symbol(react.forward_ref),
              "attrs": Array [],
              "componentStyle": ComponentStyle {
                "componentId": "sc-bdVaJa",
                "isStatic": true,
                "lastClassName": "gQXkGF",
                "rules": Array [
                  "
    background: #fff;
    padding: 10px;
",
                ],
              },
              "displayName": "styled.div",
              "foldedComponentIds": Array [],
              "render": [Function],
              "styledComponentId": "sc-bdVaJa",
              "target": "div",
              "toString": [Function],
              "warnTooManyClasses": [Function],
              "withComponent": [Function],
            }
          }
          forwardedRef={null}
        >
          <div
            className="sc-bdVaJa gQXkGF"
          >
            <styled.h4>
              <StyledComponent
                forwardedComponent={
                  Object {
                    "$$typeof": Symbol(react.forward_ref),
                    "attrs": Array [],
                    "componentStyle": ComponentStyle {
                      "componentId": "sc-bwzfXH",
                      "isStatic": true,
                      "lastClassName": "ePWlJX",
                      "rules": Array [
                        "
    align-content: center;
    color: red;
    display: flex;
    margin-top: 0;
    margin-bottom: 0;
    padding: 10px;
",
                      ],
                    },
                    "displayName": "styled.h4",
                    "foldedComponentIds": Array [],
                    "render": [Function],
                    "styledComponentId": "sc-bwzfXH",
                    "target": "h4",
                    "toString": [Function],
                    "warnTooManyClasses": [Function],
                    "withComponent": [Function],
                  }
                }
                forwardedRef={null}
              >
                <h4
                  className="sc-bwzfXH ePWlJX"
                >
                  Sorry, weâ€™re having trouble displaying this content right now
                </h4>
              </StyledComponent>
            </styled.h4>
          </div>
        </StyledComponent>
      </styled.div>
    </DefaultFallbackComponent>
  </ErrorBoundary>
</Component>
`;

exports[`Renders nothing when there is undefined fallback 1`] = `
<Component>
  <ErrorBoundary
    appName="FEPO"
    boundaryName="TestBoundaryName"
    fallbackComponent={null}
  />
</Component>
`;
