// Jest Snapshot v1, https://goo.gl/fbAQLP

exports[`StyledErrorDisplayingContent renders 1`] = `
<StyledErrorDisplayingContent>
  <StyledErrorDisplayingContent__Wrapper>
    <div
      className="StyledErrorDisplayingContent__Wrapper-sc-7aqm4x-0 dWUDzc"
    >
      <StyledErrorDisplayingContent__Message>
        <div
          className="StyledErrorDisplayingContent__Message-sc-7aqm4x-1 lkqXoP"
        >
          Sorry, weâ€™re having trouble displaying this content right now.
        </div>
      </StyledErrorDisplayingContent__Message>
    </div>
  </StyledErrorDisplayingContent__Wrapper>
</StyledErrorDisplayingContent>
`;
